{"timestamp":"2025-08-01T00:33:45.620341","level":"info","event":"Filling up the DagBag from /opt/airflow/dags/ml_pipeline_dag.py","logger":"airflow.models.dagbag.DagBag"}
{"timestamp":"2025-08-01T00:34:15.650317","level":"error","event":"Process timed out, PID: 55","logger":"airflow.utils.timeout.TimeoutPosix"}
{"timestamp":"2025-08-01T00:34:15.650618","level":"error","event":"Failed to import: /opt/airflow/dags/ml_pipeline_dag.py","logger":"airflow.models.dagbag.DagBag","error_detail":[{"exc_type":"AirflowTaskTimeout","exc_value":"DagBag import timeout for /opt/airflow/dags/ml_pipeline_dag.py after 30.0s.\nPlease take a look at these docs to improve your DAG import time:\n* https://airflow.apache.org/docs/apache-airflow/3.0.2/best-practices.html#top-level-python-code\n* https://airflow.apache.org/docs/apache-airflow/3.0.2/best-practices.html#reducing-dag-complexity, PID: 55","exc_notes":[],"syntax_error":null,"is_cause":false,"frames":[{"filename":"/home/airflow/.local/lib/python3.12/site-packages/airflow/models/dagbag.py","lineno":394,"name":"parse"},{"filename":"<frozen importlib._bootstrap_external>","lineno":999,"name":"exec_module"},{"filename":"<frozen importlib._bootstrap>","lineno":488,"name":"_call_with_frames_removed"},{"filename":"/opt/airflow/dags/ml_pipeline_dag.py","lineno":14,"name":"<module>"},{"filename":"/opt/airflow/src/train.py","lineno":4,"name":"<module>"},{"filename":"/opt/airflow/src/hyperparam_optimization.py","lineno":6,"name":"<module>"},{"filename":"/home/airflow/.local/lib/python3.12/site-packages/hyperopt/__init__.py","lineno":39,"name":"<module>"},{"filename":"/home/airflow/.local/lib/python3.12/site-packages/hyperopt/spark.py","lineno":11,"name":"<module>"},{"filename":"/home/airflow/.local/lib/python3.12/site-packages/py4j/clientserver.py","lineno":20,"name":"<module>"},{"filename":"/home/airflow/.local/lib/python3.12/site-packages/py4j/java_gateway.py","lineno":31,"name":"<module>"},{"filename":"<frozen importlib._bootstrap>","lineno":1360,"name":"_find_and_load"},{"filename":"<frozen importlib._bootstrap>","lineno":1331,"name":"_find_and_load_unlocked"},{"filename":"<frozen importlib._bootstrap>","lineno":935,"name":"_load_unlocked"},{"filename":"<frozen importlib._bootstrap_external>","lineno":995,"name":"exec_module"},{"filename":"<frozen importlib._bootstrap_external>","lineno":1091,"name":"get_code"},{"filename":"<frozen importlib._bootstrap_external>","lineno":1191,"name":"get_data"},{"filename":"/home/airflow/.local/lib/python3.12/site-packages/airflow/utils/timeout.py","lineno":69,"name":"handle_timeout"}],"is_group":false,"exceptions":[]}]}
{"timestamp":"2025-08-01T00:34:47.363188","level":"info","event":"Filling up the DagBag from /opt/airflow/dags/ml_pipeline_dag.py","logger":"airflow.models.dagbag.DagBag"}
{"timestamp":"2025-08-01T00:35:27.563647","level":"info","event":"Filling up the DagBag from /opt/airflow/dags/ml_pipeline_dag.py","logger":"airflow.models.dagbag.DagBag"}
{"timestamp":"2025-08-01T00:36:27.675723","level":"info","event":"Filling up the DagBag from /opt/airflow/dags/ml_pipeline_dag.py","logger":"airflow.models.dagbag.DagBag"}
{"timestamp":"2025-08-01T00:36:57.690698","level":"error","event":"Process timed out, PID: 321","logger":"airflow.utils.timeout.TimeoutPosix"}
{"timestamp":"2025-08-01T00:36:57.702163","level":"error","event":"Failed to import: /opt/airflow/dags/ml_pipeline_dag.py","logger":"airflow.models.dagbag.DagBag","error_detail":[{"exc_type":"AirflowTaskTimeout","exc_value":"DagBag import timeout for /opt/airflow/dags/ml_pipeline_dag.py after 30.0s.\nPlease take a look at these docs to improve your DAG import time:\n* https://airflow.apache.org/docs/apache-airflow/3.0.2/best-practices.html#top-level-python-code\n* https://airflow.apache.org/docs/apache-airflow/3.0.2/best-practices.html#reducing-dag-complexity, PID: 321","exc_notes":[],"syntax_error":null,"is_cause":false,"frames":[{"filename":"/home/airflow/.local/lib/python3.12/site-packages/airflow/models/dagbag.py","lineno":394,"name":"parse"},{"filename":"<frozen importlib._bootstrap_external>","lineno":999,"name":"exec_module"},{"filename":"<frozen importlib._bootstrap>","lineno":488,"name":"_call_with_frames_removed"},{"filename":"/opt/airflow/dags/ml_pipeline_dag.py","lineno":14,"name":"<module>"},{"filename":"/opt/airflow/src/train.py","lineno":4,"name":"<module>"},{"filename":"/opt/airflow/src/hyperparam_optimization.py","lineno":6,"name":"<module>"},{"filename":"/home/airflow/.local/lib/python3.12/site-packages/hyperopt/__init__.py","lineno":34,"name":"<module>"},{"filename":"/home/airflow/.local/lib/python3.12/site-packages/hyperopt/atpe.py","lineno":19,"name":"<module>"},{"filename":"/home/airflow/.local/lib/python3.12/site-packages/pkg_resources/__init__.py","lineno":3657,"name":"<module>"},{"filename":"/home/airflow/.local/lib/python3.12/site-packages/pkg_resources/__init__.py","lineno":3641,"name":"_call_aside"},{"filename":"/home/airflow/.local/lib/python3.12/site-packages/pkg_resources/__init__.py","lineno":3682,"name":"_initialize_master_working_set"},{"filename":"/home/airflow/.local/lib/python3.12/site-packages/pkg_resources/__init__.py","lineno":3682,"name":"<genexpr>"},{"filename":"/home/airflow/.local/lib/python3.12/site-packages/airflow/utils/timeout.py","lineno":69,"name":"handle_timeout"}],"is_group":false,"exceptions":[]}]}
{"timestamp":"2025-08-01T00:37:44.561261","level":"info","event":"Filling up the DagBag from /opt/airflow/dags/ml_pipeline_dag.py","logger":"airflow.models.dagbag.DagBag"}
{"timestamp":"2025-08-01T00:38:14.661813","level":"error","event":"Process timed out, PID: 393","logger":"airflow.utils.timeout.TimeoutPosix"}
{"timestamp":"2025-08-01T00:38:14.662210","level":"error","event":"Failed to import: /opt/airflow/dags/ml_pipeline_dag.py","logger":"airflow.models.dagbag.DagBag","error_detail":[{"exc_type":"AirflowTaskTimeout","exc_value":"DagBag import timeout for /opt/airflow/dags/ml_pipeline_dag.py after 30.0s.\nPlease take a look at these docs to improve your DAG import time:\n* https://airflow.apache.org/docs/apache-airflow/3.0.2/best-practices.html#top-level-python-code\n* https://airflow.apache.org/docs/apache-airflow/3.0.2/best-practices.html#reducing-dag-complexity, PID: 393","exc_notes":[],"syntax_error":null,"is_cause":false,"frames":[{"filename":"/home/airflow/.local/lib/python3.12/site-packages/airflow/models/dagbag.py","lineno":394,"name":"parse"},{"filename":"<frozen importlib._bootstrap_external>","lineno":999,"name":"exec_module"},{"filename":"<frozen importlib._bootstrap>","lineno":488,"name":"_call_with_frames_removed"},{"filename":"/opt/airflow/dags/ml_pipeline_dag.py","lineno":14,"name":"<module>"},{"filename":"/opt/airflow/src/train.py","lineno":4,"name":"<module>"},{"filename":"/opt/airflow/src/hyperparam_optimization.py","lineno":6,"name":"<module>"},{"filename":"/home/airflow/.local/lib/python3.12/site-packages/hyperopt/__init__.py","lineno":1,"name":"<module>"},{"filename":"/home/airflow/.local/lib/python3.12/site-packages/hyperopt/base.py","lineno":40,"name":"<module>"},{"filename":"/home/airflow/.local/lib/python3.12/site-packages/hyperopt/pyll/__init__.py","lineno":1,"name":"<module>"},{"filename":"/home/airflow/.local/lib/python3.12/site-packages/hyperopt/pyll/base.py","lineno":13,"name":"<module>"},{"filename":"/home/airflow/.local/lib/python3.12/site-packages/networkx/__init__.py","lineno":42,"name":"<module>"},{"filename":"/home/airflow/.local/lib/python3.12/site-packages/networkx/readwrite/__init__.py","lineno":7,"name":"<module>"},{"filename":"<frozen importlib._bootstrap>","lineno":1360,"name":"_find_and_load"},{"filename":"<frozen importlib._bootstrap>","lineno":1331,"name":"_find_and_load_unlocked"},{"filename":"<frozen importlib._bootstrap>","lineno":935,"name":"_load_unlocked"},{"filename":"<frozen importlib._bootstrap_external>","lineno":995,"name":"exec_module"},{"filename":"<frozen importlib._bootstrap_external>","lineno":1091,"name":"get_code"},{"filename":"<frozen importlib._bootstrap_external>","lineno":1191,"name":"get_data"},{"filename":"/home/airflow/.local/lib/python3.12/site-packages/airflow/utils/timeout.py","lineno":69,"name":"handle_timeout"}],"is_group":false,"exceptions":[]}]}
{"timestamp":"2025-08-01T00:38:50.787717","level":"info","event":"Filling up the DagBag from /opt/airflow/dags/ml_pipeline_dag.py","logger":"airflow.models.dagbag.DagBag"}
{"timestamp":"2025-08-01T00:39:32.147488","level":"info","event":"Filling up the DagBag from /opt/airflow/dags/ml_pipeline_dag.py","logger":"airflow.models.dagbag.DagBag"}
{"timestamp":"2025-08-01T00:40:09.341929","level":"info","event":"Filling up the DagBag from /opt/airflow/dags/ml_pipeline_dag.py","logger":"airflow.models.dagbag.DagBag"}
{"timestamp":"2025-08-01T00:40:44.453566","level":"info","event":"Filling up the DagBag from /opt/airflow/dags/ml_pipeline_dag.py","logger":"airflow.models.dagbag.DagBag"}
{"timestamp":"2025-08-01T00:41:18.918893","level":"info","event":"Filling up the DagBag from /opt/airflow/dags/ml_pipeline_dag.py","logger":"airflow.models.dagbag.DagBag"}
{"timestamp":"2025-08-01T00:41:51.369012","level":"info","event":"Filling up the DagBag from /opt/airflow/dags/ml_pipeline_dag.py","logger":"airflow.models.dagbag.DagBag"}
{"timestamp":"2025-08-01T00:42:25.003251","level":"info","event":"Filling up the DagBag from /opt/airflow/dags/ml_pipeline_dag.py","logger":"airflow.models.dagbag.DagBag"}
{"timestamp":"2025-08-01T00:43:05.391986","level":"info","event":"Filling up the DagBag from /opt/airflow/dags/ml_pipeline_dag.py","logger":"airflow.models.dagbag.DagBag"}
{"timestamp":"2025-08-01T00:43:46.523404","level":"info","event":"Filling up the DagBag from /opt/airflow/dags/ml_pipeline_dag.py","logger":"airflow.models.dagbag.DagBag"}
{"timestamp":"2025-08-01T00:44:45.434445","level":"info","event":"Filling up the DagBag from /opt/airflow/dags/ml_pipeline_dag.py","logger":"airflow.models.dagbag.DagBag"}
{"timestamp":"2025-08-01T00:45:42.028128","level":"info","event":"Filling up the DagBag from /opt/airflow/dags/ml_pipeline_dag.py","logger":"airflow.models.dagbag.DagBag"}
{"timestamp":"2025-08-01T00:46:16.098077","level":"info","event":"Filling up the DagBag from /opt/airflow/dags/ml_pipeline_dag.py","logger":"airflow.models.dagbag.DagBag"}
{"timestamp":"2025-08-01T00:46:48.859693","level":"info","event":"Filling up the DagBag from /opt/airflow/dags/ml_pipeline_dag.py","logger":"airflow.models.dagbag.DagBag"}
{"timestamp":"2025-08-01T00:47:21.559790","level":"info","event":"Filling up the DagBag from /opt/airflow/dags/ml_pipeline_dag.py","logger":"airflow.models.dagbag.DagBag"}
{"timestamp":"2025-08-01T00:47:53.549031","level":"info","event":"Filling up the DagBag from /opt/airflow/dags/ml_pipeline_dag.py","logger":"airflow.models.dagbag.DagBag"}
{"timestamp":"2025-08-01T00:48:25.485087","level":"info","event":"Filling up the DagBag from /opt/airflow/dags/ml_pipeline_dag.py","logger":"airflow.models.dagbag.DagBag"}
{"timestamp":"2025-08-01T00:48:57.051807","level":"info","event":"Filling up the DagBag from /opt/airflow/dags/ml_pipeline_dag.py","logger":"airflow.models.dagbag.DagBag"}
{"timestamp":"2025-08-01T00:49:28.642901","level":"info","event":"Filling up the DagBag from /opt/airflow/dags/ml_pipeline_dag.py","logger":"airflow.models.dagbag.DagBag"}
{"timestamp":"2025-08-01T00:50:01.938397","level":"info","event":"Filling up the DagBag from /opt/airflow/dags/ml_pipeline_dag.py","logger":"airflow.models.dagbag.DagBag"}
{"timestamp":"2025-08-01T00:50:35.291904","level":"info","event":"Filling up the DagBag from /opt/airflow/dags/ml_pipeline_dag.py","logger":"airflow.models.dagbag.DagBag"}
{"timestamp":"2025-08-01T00:51:07.791671","level":"info","event":"Filling up the DagBag from /opt/airflow/dags/ml_pipeline_dag.py","logger":"airflow.models.dagbag.DagBag"}
{"timestamp":"2025-08-01T00:51:40.196385","level":"info","event":"Filling up the DagBag from /opt/airflow/dags/ml_pipeline_dag.py","logger":"airflow.models.dagbag.DagBag"}
{"timestamp":"2025-08-01T00:52:14.300098","level":"info","event":"Filling up the DagBag from /opt/airflow/dags/ml_pipeline_dag.py","logger":"airflow.models.dagbag.DagBag"}
{"timestamp":"2025-08-01T00:52:47.260704","level":"info","event":"Filling up the DagBag from /opt/airflow/dags/ml_pipeline_dag.py","logger":"airflow.models.dagbag.DagBag"}
{"timestamp":"2025-08-01T00:53:19.277702","level":"info","event":"Filling up the DagBag from /opt/airflow/dags/ml_pipeline_dag.py","logger":"airflow.models.dagbag.DagBag"}
{"timestamp":"2025-08-01T00:53:50.638242","level":"info","event":"Filling up the DagBag from /opt/airflow/dags/ml_pipeline_dag.py","logger":"airflow.models.dagbag.DagBag"}
{"timestamp":"2025-08-01T00:54:22.790560","level":"info","event":"Filling up the DagBag from /opt/airflow/dags/ml_pipeline_dag.py","logger":"airflow.models.dagbag.DagBag"}
{"timestamp":"2025-08-01T00:54:56.726179","level":"info","event":"Filling up the DagBag from /opt/airflow/dags/ml_pipeline_dag.py","logger":"airflow.models.dagbag.DagBag"}
{"timestamp":"2025-08-01T00:55:45.211259","level":"info","event":"Filling up the DagBag from /opt/airflow/dags/ml_pipeline_dag.py","logger":"airflow.models.dagbag.DagBag"}
{"timestamp":"2025-08-01T00:56:20.698575","level":"info","event":"Filling up the DagBag from /opt/airflow/dags/ml_pipeline_dag.py","logger":"airflow.models.dagbag.DagBag"}
{"timestamp":"2025-08-01T00:56:53.757098","level":"info","event":"Filling up the DagBag from /opt/airflow/dags/ml_pipeline_dag.py","logger":"airflow.models.dagbag.DagBag"}
{"timestamp":"2025-08-01T00:57:26.834076","level":"info","event":"Filling up the DagBag from /opt/airflow/dags/ml_pipeline_dag.py","logger":"airflow.models.dagbag.DagBag"}
{"timestamp":"2025-08-01T00:58:04.305157","level":"info","event":"Filling up the DagBag from /opt/airflow/dags/ml_pipeline_dag.py","logger":"airflow.models.dagbag.DagBag"}
{"timestamp":"2025-08-01T00:58:37.768966","level":"info","event":"Filling up the DagBag from /opt/airflow/dags/ml_pipeline_dag.py","logger":"airflow.models.dagbag.DagBag"}
{"timestamp":"2025-08-01T00:59:11.646003","level":"info","event":"Filling up the DagBag from /opt/airflow/dags/ml_pipeline_dag.py","logger":"airflow.models.dagbag.DagBag"}
{"timestamp":"2025-08-01T00:59:46.160864","level":"info","event":"Filling up the DagBag from /opt/airflow/dags/ml_pipeline_dag.py","logger":"airflow.models.dagbag.DagBag"}
{"timestamp":"2025-08-01T01:00:22.462748","level":"info","event":"Filling up the DagBag from /opt/airflow/dags/ml_pipeline_dag.py","logger":"airflow.models.dagbag.DagBag"}
{"timestamp":"2025-08-01T01:01:24.087440","level":"info","event":"Filling up the DagBag from /opt/airflow/dags/ml_pipeline_dag.py","logger":"airflow.models.dagbag.DagBag"}
{"timestamp":"2025-08-01T01:02:06.173381","level":"info","event":"Filling up the DagBag from /opt/airflow/dags/ml_pipeline_dag.py","logger":"airflow.models.dagbag.DagBag"}
{"timestamp":"2025-08-01T01:02:41.449177","level":"info","event":"Filling up the DagBag from /opt/airflow/dags/ml_pipeline_dag.py","logger":"airflow.models.dagbag.DagBag"}
{"timestamp":"2025-08-01T01:03:15.420439","level":"info","event":"Filling up the DagBag from /opt/airflow/dags/ml_pipeline_dag.py","logger":"airflow.models.dagbag.DagBag"}
{"timestamp":"2025-08-01T01:03:48.099470","level":"info","event":"Filling up the DagBag from /opt/airflow/dags/ml_pipeline_dag.py","logger":"airflow.models.dagbag.DagBag"}
{"timestamp":"2025-08-01T01:04:21.366036","level":"info","event":"Filling up the DagBag from /opt/airflow/dags/ml_pipeline_dag.py","logger":"airflow.models.dagbag.DagBag"}
{"timestamp":"2025-08-01T01:04:59.210697","level":"info","event":"Filling up the DagBag from /opt/airflow/dags/ml_pipeline_dag.py","logger":"airflow.models.dagbag.DagBag"}
{"timestamp":"2025-08-01T01:05:36.388603","level":"info","event":"Filling up the DagBag from /opt/airflow/dags/ml_pipeline_dag.py","logger":"airflow.models.dagbag.DagBag"}
{"timestamp":"2025-08-01T01:06:14.367502","level":"info","event":"Filling up the DagBag from /opt/airflow/dags/ml_pipeline_dag.py","logger":"airflow.models.dagbag.DagBag"}
{"timestamp":"2025-08-01T01:07:01.840320","level":"info","event":"Filling up the DagBag from /opt/airflow/dags/ml_pipeline_dag.py","logger":"airflow.models.dagbag.DagBag"}
{"timestamp":"2025-08-01T01:07:55.849106","level":"info","event":"Filling up the DagBag from /opt/airflow/dags/ml_pipeline_dag.py","logger":"airflow.models.dagbag.DagBag"}
{"timestamp":"2025-08-01T01:08:34.233758","level":"info","event":"Filling up the DagBag from /opt/airflow/dags/ml_pipeline_dag.py","logger":"airflow.models.dagbag.DagBag"}
{"timestamp":"2025-08-01T01:09:08.370746","level":"info","event":"Filling up the DagBag from /opt/airflow/dags/ml_pipeline_dag.py","logger":"airflow.models.dagbag.DagBag"}
{"timestamp":"2025-08-01T01:09:41.001400","level":"info","event":"Filling up the DagBag from /opt/airflow/dags/ml_pipeline_dag.py","logger":"airflow.models.dagbag.DagBag"}
{"timestamp":"2025-08-01T01:10:14.517465","level":"info","event":"Filling up the DagBag from /opt/airflow/dags/ml_pipeline_dag.py","logger":"airflow.models.dagbag.DagBag"}
{"timestamp":"2025-08-01T01:10:49.641713","level":"info","event":"Filling up the DagBag from /opt/airflow/dags/ml_pipeline_dag.py","logger":"airflow.models.dagbag.DagBag"}
{"timestamp":"2025-08-01T01:11:23.735784","level":"info","event":"Filling up the DagBag from /opt/airflow/dags/ml_pipeline_dag.py","logger":"airflow.models.dagbag.DagBag"}
{"timestamp":"2025-08-01T01:11:56.349860","level":"info","event":"Filling up the DagBag from /opt/airflow/dags/ml_pipeline_dag.py","logger":"airflow.models.dagbag.DagBag"}
{"timestamp":"2025-08-01T01:12:30.161369","level":"info","event":"Filling up the DagBag from /opt/airflow/dags/ml_pipeline_dag.py","logger":"airflow.models.dagbag.DagBag"}
{"timestamp":"2025-08-01T01:13:04.817957","level":"info","event":"Filling up the DagBag from /opt/airflow/dags/ml_pipeline_dag.py","logger":"airflow.models.dagbag.DagBag"}
{"timestamp":"2025-08-01T01:13:38.253785","level":"info","event":"Filling up the DagBag from /opt/airflow/dags/ml_pipeline_dag.py","logger":"airflow.models.dagbag.DagBag"}
{"timestamp":"2025-08-01T01:14:10.682658","level":"info","event":"Filling up the DagBag from /opt/airflow/dags/ml_pipeline_dag.py","logger":"airflow.models.dagbag.DagBag"}
{"timestamp":"2025-08-01T01:14:43.337301","level":"info","event":"Filling up the DagBag from /opt/airflow/dags/ml_pipeline_dag.py","logger":"airflow.models.dagbag.DagBag"}
{"timestamp":"2025-08-01T01:15:15.982629","level":"info","event":"Filling up the DagBag from /opt/airflow/dags/ml_pipeline_dag.py","logger":"airflow.models.dagbag.DagBag"}
{"timestamp":"2025-08-01T01:15:49.708851","level":"info","event":"Filling up the DagBag from /opt/airflow/dags/ml_pipeline_dag.py","logger":"airflow.models.dagbag.DagBag"}
{"timestamp":"2025-08-01T01:16:23.304757","level":"info","event":"Filling up the DagBag from /opt/airflow/dags/ml_pipeline_dag.py","logger":"airflow.models.dagbag.DagBag"}
{"timestamp":"2025-08-01T01:16:55.376120","level":"info","event":"Filling up the DagBag from /opt/airflow/dags/ml_pipeline_dag.py","logger":"airflow.models.dagbag.DagBag"}
{"timestamp":"2025-08-01T01:17:27.467700","level":"info","event":"Filling up the DagBag from /opt/airflow/dags/ml_pipeline_dag.py","logger":"airflow.models.dagbag.DagBag"}
{"timestamp":"2025-08-01T01:18:00.800917","level":"info","event":"Filling up the DagBag from /opt/airflow/dags/ml_pipeline_dag.py","logger":"airflow.models.dagbag.DagBag"}
{"timestamp":"2025-08-01T01:18:33.701883","level":"info","event":"Filling up the DagBag from /opt/airflow/dags/ml_pipeline_dag.py","logger":"airflow.models.dagbag.DagBag"}
{"timestamp":"2025-08-01T01:19:07.125692","level":"info","event":"Filling up the DagBag from /opt/airflow/dags/ml_pipeline_dag.py","logger":"airflow.models.dagbag.DagBag"}
{"timestamp":"2025-08-01T01:19:39.726738","level":"info","event":"Filling up the DagBag from /opt/airflow/dags/ml_pipeline_dag.py","logger":"airflow.models.dagbag.DagBag"}
{"timestamp":"2025-08-01T01:20:12.253687","level":"info","event":"Filling up the DagBag from /opt/airflow/dags/ml_pipeline_dag.py","logger":"airflow.models.dagbag.DagBag"}
{"timestamp":"2025-08-01T01:20:44.037836","level":"info","event":"Filling up the DagBag from /opt/airflow/dags/ml_pipeline_dag.py","logger":"airflow.models.dagbag.DagBag"}
{"timestamp":"2025-08-01T01:21:15.881632","level":"info","event":"Filling up the DagBag from /opt/airflow/dags/ml_pipeline_dag.py","logger":"airflow.models.dagbag.DagBag"}
{"timestamp":"2025-08-01T01:21:47.772804","level":"info","event":"Filling up the DagBag from /opt/airflow/dags/ml_pipeline_dag.py","logger":"airflow.models.dagbag.DagBag"}
{"timestamp":"2025-08-01T01:22:19.932895","level":"info","event":"Filling up the DagBag from /opt/airflow/dags/ml_pipeline_dag.py","logger":"airflow.models.dagbag.DagBag"}
{"timestamp":"2025-08-01T01:22:52.227493","level":"info","event":"Filling up the DagBag from /opt/airflow/dags/ml_pipeline_dag.py","logger":"airflow.models.dagbag.DagBag"}
{"timestamp":"2025-08-01T01:23:24.093117","level":"info","event":"Filling up the DagBag from /opt/airflow/dags/ml_pipeline_dag.py","logger":"airflow.models.dagbag.DagBag"}
{"timestamp":"2025-08-01T01:23:56.596331","level":"info","event":"Filling up the DagBag from /opt/airflow/dags/ml_pipeline_dag.py","logger":"airflow.models.dagbag.DagBag"}
{"timestamp":"2025-08-01T01:24:28.753500","level":"info","event":"Filling up the DagBag from /opt/airflow/dags/ml_pipeline_dag.py","logger":"airflow.models.dagbag.DagBag"}
{"timestamp":"2025-08-01T01:25:02.495906","level":"info","event":"Filling up the DagBag from /opt/airflow/dags/ml_pipeline_dag.py","logger":"airflow.models.dagbag.DagBag"}
{"timestamp":"2025-08-01T01:25:38.519485","level":"info","event":"Filling up the DagBag from /opt/airflow/dags/ml_pipeline_dag.py","logger":"airflow.models.dagbag.DagBag"}
{"timestamp":"2025-08-01T01:26:12.724462","level":"info","event":"Filling up the DagBag from /opt/airflow/dags/ml_pipeline_dag.py","logger":"airflow.models.dagbag.DagBag"}
{"timestamp":"2025-08-01T01:26:46.943819","level":"info","event":"Filling up the DagBag from /opt/airflow/dags/ml_pipeline_dag.py","logger":"airflow.models.dagbag.DagBag"}
{"timestamp":"2025-08-01T01:27:19.750261","level":"info","event":"Filling up the DagBag from /opt/airflow/dags/ml_pipeline_dag.py","logger":"airflow.models.dagbag.DagBag"}
{"timestamp":"2025-08-01T01:27:53.408423","level":"info","event":"Filling up the DagBag from /opt/airflow/dags/ml_pipeline_dag.py","logger":"airflow.models.dagbag.DagBag"}
{"timestamp":"2025-08-01T01:28:26.540340","level":"info","event":"Filling up the DagBag from /opt/airflow/dags/ml_pipeline_dag.py","logger":"airflow.models.dagbag.DagBag"}
{"timestamp":"2025-08-01T01:29:00.109504","level":"info","event":"Filling up the DagBag from /opt/airflow/dags/ml_pipeline_dag.py","logger":"airflow.models.dagbag.DagBag"}
{"timestamp":"2025-08-01T01:29:09.530329Z","level":"error","event":"Process terminated by signal","signal":-15,"signal_name":"SIGTERM","logger":"processor"}
{"timestamp":"2025-08-01T01:29:56.851892","level":"info","event":"Filling up the DagBag from /opt/airflow/dags/ml_pipeline_dag.py","logger":"airflow.models.dagbag.DagBag"}
{"timestamp":"2025-08-01T01:30:35.969496","level":"info","event":"Filling up the DagBag from /opt/airflow/dags/ml_pipeline_dag.py","logger":"airflow.models.dagbag.DagBag"}
{"timestamp":"2025-08-01T01:31:14.631498","level":"info","event":"Filling up the DagBag from /opt/airflow/dags/ml_pipeline_dag.py","logger":"airflow.models.dagbag.DagBag"}
{"timestamp":"2025-08-01T01:31:48.929598","level":"info","event":"Filling up the DagBag from /opt/airflow/dags/ml_pipeline_dag.py","logger":"airflow.models.dagbag.DagBag"}
{"timestamp":"2025-08-01T01:32:22.330984","level":"info","event":"Filling up the DagBag from /opt/airflow/dags/ml_pipeline_dag.py","logger":"airflow.models.dagbag.DagBag"}
{"timestamp":"2025-08-01T01:32:56.667858","level":"info","event":"Filling up the DagBag from /opt/airflow/dags/ml_pipeline_dag.py","logger":"airflow.models.dagbag.DagBag"}
{"timestamp":"2025-08-01T01:33:31.340593","level":"info","event":"Filling up the DagBag from /opt/airflow/dags/ml_pipeline_dag.py","logger":"airflow.models.dagbag.DagBag"}
{"timestamp":"2025-08-01T01:34:06.890553","level":"info","event":"Filling up the DagBag from /opt/airflow/dags/ml_pipeline_dag.py","logger":"airflow.models.dagbag.DagBag"}
{"timestamp":"2025-08-01T01:34:44.833274","level":"info","event":"Filling up the DagBag from /opt/airflow/dags/ml_pipeline_dag.py","logger":"airflow.models.dagbag.DagBag"}
{"timestamp":"2025-08-01T01:34:58.782848Z","level":"error","event":"Process terminated by signal","signal":-15,"signal_name":"SIGTERM","logger":"processor"}
{"timestamp":"2025-08-01T01:35:41.976725","level":"info","event":"Filling up the DagBag from /opt/airflow/dags/ml_pipeline_dag.py","logger":"airflow.models.dagbag.DagBag"}
{"timestamp":"2025-08-01T01:35:52.346462Z","level":"error","event":"Process terminated by signal","signal":-15,"signal_name":"SIGTERM","logger":"processor"}
{"timestamp":"2025-08-01T01:36:23.142934","level":"info","event":"Filling up the DagBag from /opt/airflow/dags/ml_pipeline_dag.py","logger":"airflow.models.dagbag.DagBag"}
{"timestamp":"2025-08-01T01:36:31.485707Z","level":"error","event":"Process terminated by signal","signal":-15,"signal_name":"SIGTERM","logger":"processor"}
