{"timestamp":"2025-06-30T16:24:50.366983","level":"info","event":"DAG bundles loaded: dags-folder, example_dags","logger":"airflow.dag_processing.bundles.manager.DagBundlesManager"}
{"timestamp":"2025-06-30T16:24:50.367592","level":"info","event":"Filling up the DagBag from /opt/airflow/dags/ml_pipeline_dag.py","logger":"airflow.models.dagbag.DagBag"}
{"timestamp":"2025-06-30T16:25:02.754082Z","level":"info","event":"Task instance is in running state","chan":"stdout","logger":"task"}
{"timestamp":"2025-06-30T16:25:02.756375Z","level":"info","event":" Previous state of the Task instance: TaskInstanceState.QUEUED","chan":"stdout","logger":"task"}
{"timestamp":"2025-06-30T16:25:02.756987Z","level":"info","event":"Current task name:train_model","chan":"stdout","logger":"task"}
{"timestamp":"2025-06-30T16:25:02.758782Z","level":"info","event":"Dag name:ml_pipeline_dag","chan":"stdout","logger":"task"}
{"timestamp":"2025-06-30T16:25:08.207952","level":"info","event":"build_posterior_wrapper took 0.004121 seconds","logger":"hyperopt.tpe"}
{"timestamp":"2025-06-30T16:25:08.208097","level":"info","event":"TPE using 0 trials","logger":"hyperopt.tpe"}
{"timestamp":"2025-06-30T16:25:09.480326Z","level":"error","event":"2025/06/30 16:25:09 WARNING mlflow.utils.git_utils: Failed to import Git (the Git executable is probably not on your PATH), so Git SHA is not available. Error: Failed to initialize: Bad git executable.","chan":"stderr","logger":"task"}
{"timestamp":"2025-06-30T16:25:09.480692Z","level":"error","event":"The git executable must be specified in one of the following ways:","chan":"stderr","logger":"task"}
{"timestamp":"2025-06-30T16:25:09.481514Z","level":"error","event":"    - be included in your $PATH","chan":"stderr","logger":"task"}
{"timestamp":"2025-06-30T16:25:09.481636Z","level":"error","event":"    - be set via $GIT_PYTHON_GIT_EXECUTABLE","chan":"stderr","logger":"task"}
{"timestamp":"2025-06-30T16:25:09.481763Z","level":"error","event":"    - explicitly set via git.refresh(<full-path-to-git-executable>)","chan":"stderr","logger":"task"}
{"timestamp":"2025-06-30T16:25:09.481864Z","level":"error","event":"","chan":"stderr","logger":"task"}
{"timestamp":"2025-06-30T16:25:09.481957Z","level":"error","event":"All git commands will error until this is rectified.","chan":"stderr","logger":"task"}
{"timestamp":"2025-06-30T16:25:09.482052Z","level":"error","event":"","chan":"stderr","logger":"task"}
{"timestamp":"2025-06-30T16:25:09.482152Z","level":"error","event":"This initial message can be silenced or aggravated in the future by setting the","chan":"stderr","logger":"task"}
{"timestamp":"2025-06-30T16:25:09.482244Z","level":"error","event":"$GIT_PYTHON_REFRESH environment variable. Use one of the following values:","chan":"stderr","logger":"task"}
{"timestamp":"2025-06-30T16:25:09.482336Z","level":"error","event":"    - quiet|q|silence|s|silent|none|n|0: for no message or exception","chan":"stderr","logger":"task"}
{"timestamp":"2025-06-30T16:25:09.482427Z","level":"error","event":"    - warn|w|warning|log|l|1: for a warning message (logging level CRITICAL, displayed by default)","chan":"stderr","logger":"task"}
{"timestamp":"2025-06-30T16:25:09.482520Z","level":"error","event":"    - error|e|exception|raise|r|2: for a raised exception","chan":"stderr","logger":"task"}
{"timestamp":"2025-06-30T16:25:09.482615Z","level":"error","event":"","chan":"stderr","logger":"task"}
{"timestamp":"2025-06-30T16:25:09.499609Z","level":"error","event":"Example:","chan":"stderr","logger":"task"}
{"timestamp":"2025-06-30T16:25:09.499983Z","level":"error","event":"    export GIT_PYTHON_REFRESH=quiet","chan":"stderr","logger":"task"}
{"timestamp":"2025-06-30T16:25:09.500600Z","level":"error","event":"","chan":"stderr","logger":"task"}
{"timestamp":"2025-06-30T16:25:09.502286Z","level":"error","event":"","chan":"stderr","logger":"task"}
{"timestamp":"2025-06-30T16:26:12.897601","level":"error","event":"job exception: got an unexpected keyword argument 'squared'","logger":"hyperopt.fmin"}
{"timestamp":"2025-06-30T16:26:12.913668Z","level":"info","event":"\r  0%|          | 0/50 [00:00<?, ?trial/s, best loss=?]\r  0%|          | 0/50 [01:04<?, ?trial/s, best loss=?]","chan":"stdout","logger":"task"}
{"timestamp":"2025-06-30T16:26:12.914133Z","level":"info","event":"Task instance in failure state","chan":"stdout","logger":"task"}
{"timestamp":"2025-06-30T16:26:12.914425Z","level":"info","event":"Task start","chan":"stdout","logger":"task"}
{"timestamp":"2025-06-30T16:26:12.914733Z","level":"info","event":"Task:<Task(PythonOperator): train_model>","chan":"stdout","logger":"task"}
{"timestamp":"2025-06-30T16:26:12.915037Z","level":"info","event":"Failure caused by got an unexpected keyword argument 'squared'","chan":"stdout","logger":"task"}
{"timestamp":"2025-06-30T16:26:12.908811","level":"error","event":"Task failed with exception","logger":"task","error_detail":[{"exc_type":"TypeError","exc_value":"got an unexpected keyword argument 'squared'","exc_notes":[],"syntax_error":null,"is_cause":false,"frames":[{"filename":"/home/airflow/.local/lib/python3.12/site-packages/airflow/sdk/execution_time/task_runner.py","lineno":867,"name":"run"},{"filename":"/home/airflow/.local/lib/python3.12/site-packages/airflow/sdk/execution_time/task_runner.py","lineno":1159,"name":"_execute_task"},{"filename":"/home/airflow/.local/lib/python3.12/site-packages/airflow/sdk/bases/operator.py","lineno":397,"name":"wrapper"},{"filename":"/home/airflow/.local/lib/python3.12/site-packages/airflow/providers/standard/operators/python.py","lineno":216,"name":"execute"},{"filename":"/home/airflow/.local/lib/python3.12/site-packages/airflow/providers/standard/operators/python.py","lineno":239,"name":"execute_callable"},{"filename":"/home/airflow/.local/lib/python3.12/site-packages/airflow/sdk/execution_time/callback_runner.py","lineno":81,"name":"run"},{"filename":"/opt/airflow/dags/ml_pipeline_dag.py","lineno":53,"name":"train_task"},{"filename":"/opt/airflow/src/train.py","lineno":30,"name":"train"},{"filename":"/opt/airflow/src/hyperparam_optimization.py","lineno":88,"name":"run_hyperopt"},{"filename":"/home/airflow/.local/lib/python3.12/site-packages/hyperopt/fmin.py","lineno":540,"name":"fmin"},{"filename":"/home/airflow/.local/lib/python3.12/site-packages/hyperopt/base.py","lineno":671,"name":"fmin"},{"filename":"/home/airflow/.local/lib/python3.12/site-packages/hyperopt/fmin.py","lineno":586,"name":"fmin"},{"filename":"/home/airflow/.local/lib/python3.12/site-packages/hyperopt/fmin.py","lineno":364,"name":"exhaust"},{"filename":"/home/airflow/.local/lib/python3.12/site-packages/hyperopt/fmin.py","lineno":300,"name":"run"},{"filename":"/home/airflow/.local/lib/python3.12/site-packages/hyperopt/fmin.py","lineno":178,"name":"serial_evaluate"},{"filename":"/home/airflow/.local/lib/python3.12/site-packages/hyperopt/base.py","lineno":892,"name":"evaluate"},{"filename":"/opt/airflow/src/hyperparam_optimization.py","lineno":50,"name":"objective_eval"},{"filename":"/home/airflow/.local/lib/python3.12/site-packages/sklearn/utils/_param_validation.py","lineno":194,"name":"wrapper"},{"filename":"/usr/local/lib/python3.12/inspect.py","lineno":3280,"name":"bind"},{"filename":"/usr/local/lib/python3.12/inspect.py","lineno":3269,"name":"_bind"}],"is_group":false,"exceptions":[]}]}
