{"timestamp":"2025-06-25T00:00:23.396927","level":"info","event":"Filling up the DagBag from /opt/airflow/dags/ml_pipeline_dag.py","logger":"airflow.models.dagbag.DagBag"}
{"timestamp":"2025-06-25T00:00:56.552795","level":"info","event":"Filling up the DagBag from /opt/airflow/dags/ml_pipeline_dag.py","logger":"airflow.models.dagbag.DagBag"}
{"timestamp":"2025-06-25T00:01:29.233774","level":"info","event":"Filling up the DagBag from /opt/airflow/dags/ml_pipeline_dag.py","logger":"airflow.models.dagbag.DagBag"}
{"timestamp":"2025-06-25T00:02:03.830048","level":"info","event":"Filling up the DagBag from /opt/airflow/dags/ml_pipeline_dag.py","logger":"airflow.models.dagbag.DagBag"}
{"timestamp":"2025-06-25T00:02:37.162791","level":"info","event":"Filling up the DagBag from /opt/airflow/dags/ml_pipeline_dag.py","logger":"airflow.models.dagbag.DagBag"}
{"timestamp":"2025-06-25T00:03:10.810938","level":"info","event":"Filling up the DagBag from /opt/airflow/dags/ml_pipeline_dag.py","logger":"airflow.models.dagbag.DagBag"}
{"timestamp":"2025-06-25T00:03:42.949711","level":"info","event":"Filling up the DagBag from /opt/airflow/dags/ml_pipeline_dag.py","logger":"airflow.models.dagbag.DagBag"}
{"timestamp":"2025-06-25T00:04:16.067456","level":"info","event":"Filling up the DagBag from /opt/airflow/dags/ml_pipeline_dag.py","logger":"airflow.models.dagbag.DagBag"}
{"timestamp":"2025-06-25T00:04:47.947358","level":"info","event":"Filling up the DagBag from /opt/airflow/dags/ml_pipeline_dag.py","logger":"airflow.models.dagbag.DagBag"}
{"timestamp":"2025-06-25T00:05:20.676870","level":"info","event":"Filling up the DagBag from /opt/airflow/dags/ml_pipeline_dag.py","logger":"airflow.models.dagbag.DagBag"}
{"timestamp":"2025-06-25T00:05:53.458520","level":"info","event":"Filling up the DagBag from /opt/airflow/dags/ml_pipeline_dag.py","logger":"airflow.models.dagbag.DagBag"}
{"timestamp":"2025-06-25T00:06:26.241861","level":"info","event":"Filling up the DagBag from /opt/airflow/dags/ml_pipeline_dag.py","logger":"airflow.models.dagbag.DagBag"}
{"timestamp":"2025-06-25T00:06:59.332738","level":"info","event":"Filling up the DagBag from /opt/airflow/dags/ml_pipeline_dag.py","logger":"airflow.models.dagbag.DagBag"}
{"timestamp":"2025-06-25T00:07:31.765767","level":"info","event":"Filling up the DagBag from /opt/airflow/dags/ml_pipeline_dag.py","logger":"airflow.models.dagbag.DagBag"}
{"timestamp":"2025-06-25T00:08:04.378503","level":"info","event":"Filling up the DagBag from /opt/airflow/dags/ml_pipeline_dag.py","logger":"airflow.models.dagbag.DagBag"}
{"timestamp":"2025-06-25T00:08:36.986841","level":"info","event":"Filling up the DagBag from /opt/airflow/dags/ml_pipeline_dag.py","logger":"airflow.models.dagbag.DagBag"}
{"timestamp":"2025-06-25T00:09:10.301860","level":"info","event":"Filling up the DagBag from /opt/airflow/dags/ml_pipeline_dag.py","logger":"airflow.models.dagbag.DagBag"}
{"timestamp":"2025-06-25T00:09:43.976416","level":"info","event":"Filling up the DagBag from /opt/airflow/dags/ml_pipeline_dag.py","logger":"airflow.models.dagbag.DagBag"}
{"timestamp":"2025-06-25T00:10:17.035816","level":"info","event":"Filling up the DagBag from /opt/airflow/dags/ml_pipeline_dag.py","logger":"airflow.models.dagbag.DagBag"}
{"timestamp":"2025-06-25T00:10:48.895488","level":"info","event":"Filling up the DagBag from /opt/airflow/dags/ml_pipeline_dag.py","logger":"airflow.models.dagbag.DagBag"}
{"timestamp":"2025-06-25T00:11:21.086606","level":"info","event":"Filling up the DagBag from /opt/airflow/dags/ml_pipeline_dag.py","logger":"airflow.models.dagbag.DagBag"}
{"timestamp":"2025-06-25T00:11:53.822881","level":"info","event":"Filling up the DagBag from /opt/airflow/dags/ml_pipeline_dag.py","logger":"airflow.models.dagbag.DagBag"}
{"timestamp":"2025-06-25T00:12:25.747566","level":"info","event":"Filling up the DagBag from /opt/airflow/dags/ml_pipeline_dag.py","logger":"airflow.models.dagbag.DagBag"}
{"timestamp":"2025-06-25T00:12:57.926558","level":"info","event":"Filling up the DagBag from /opt/airflow/dags/ml_pipeline_dag.py","logger":"airflow.models.dagbag.DagBag"}
{"timestamp":"2025-06-25T00:13:30.065002","level":"info","event":"Filling up the DagBag from /opt/airflow/dags/ml_pipeline_dag.py","logger":"airflow.models.dagbag.DagBag"}
{"timestamp":"2025-06-25T00:14:02.517809","level":"info","event":"Filling up the DagBag from /opt/airflow/dags/ml_pipeline_dag.py","logger":"airflow.models.dagbag.DagBag"}
{"timestamp":"2025-06-25T00:14:34.992732","level":"info","event":"Filling up the DagBag from /opt/airflow/dags/ml_pipeline_dag.py","logger":"airflow.models.dagbag.DagBag"}
{"timestamp":"2025-06-25T00:15:06.813492","level":"info","event":"Filling up the DagBag from /opt/airflow/dags/ml_pipeline_dag.py","logger":"airflow.models.dagbag.DagBag"}
{"timestamp":"2025-06-25T00:15:39.208754","level":"info","event":"Filling up the DagBag from /opt/airflow/dags/ml_pipeline_dag.py","logger":"airflow.models.dagbag.DagBag"}
{"timestamp":"2025-06-25T00:16:12.084607","level":"info","event":"Filling up the DagBag from /opt/airflow/dags/ml_pipeline_dag.py","logger":"airflow.models.dagbag.DagBag"}
{"timestamp":"2025-06-25T00:16:44.088452","level":"info","event":"Filling up the DagBag from /opt/airflow/dags/ml_pipeline_dag.py","logger":"airflow.models.dagbag.DagBag"}
{"timestamp":"2025-06-25T00:17:17.518238","level":"info","event":"Filling up the DagBag from /opt/airflow/dags/ml_pipeline_dag.py","logger":"airflow.models.dagbag.DagBag"}
{"timestamp":"2025-06-25T00:17:50.592881","level":"info","event":"Filling up the DagBag from /opt/airflow/dags/ml_pipeline_dag.py","logger":"airflow.models.dagbag.DagBag"}
{"timestamp":"2025-06-25T00:18:22.191138","level":"info","event":"Filling up the DagBag from /opt/airflow/dags/ml_pipeline_dag.py","logger":"airflow.models.dagbag.DagBag"}
{"timestamp":"2025-06-25T00:18:53.970218","level":"info","event":"Filling up the DagBag from /opt/airflow/dags/ml_pipeline_dag.py","logger":"airflow.models.dagbag.DagBag"}
{"timestamp":"2025-06-25T00:19:27.614839","level":"info","event":"Filling up the DagBag from /opt/airflow/dags/ml_pipeline_dag.py","logger":"airflow.models.dagbag.DagBag"}
{"timestamp":"2025-06-25T00:20:01.375313","level":"info","event":"Filling up the DagBag from /opt/airflow/dags/ml_pipeline_dag.py","logger":"airflow.models.dagbag.DagBag"}
{"timestamp":"2025-06-25T00:20:34.474570","level":"info","event":"Filling up the DagBag from /opt/airflow/dags/ml_pipeline_dag.py","logger":"airflow.models.dagbag.DagBag"}
{"timestamp":"2025-06-25T00:21:07.223329","level":"info","event":"Filling up the DagBag from /opt/airflow/dags/ml_pipeline_dag.py","logger":"airflow.models.dagbag.DagBag"}
{"timestamp":"2025-06-25T00:21:39.003581","level":"info","event":"Filling up the DagBag from /opt/airflow/dags/ml_pipeline_dag.py","logger":"airflow.models.dagbag.DagBag"}
{"timestamp":"2025-06-25T00:22:11.241096","level":"info","event":"Filling up the DagBag from /opt/airflow/dags/ml_pipeline_dag.py","logger":"airflow.models.dagbag.DagBag"}
{"timestamp":"2025-06-25T00:22:43.738363","level":"info","event":"Filling up the DagBag from /opt/airflow/dags/ml_pipeline_dag.py","logger":"airflow.models.dagbag.DagBag"}
{"timestamp":"2025-06-25T00:23:15.564228","level":"info","event":"Filling up the DagBag from /opt/airflow/dags/ml_pipeline_dag.py","logger":"airflow.models.dagbag.DagBag"}
{"timestamp":"2025-06-25T00:23:48.148623","level":"info","event":"Filling up the DagBag from /opt/airflow/dags/ml_pipeline_dag.py","logger":"airflow.models.dagbag.DagBag"}
{"timestamp":"2025-06-25T00:24:19.923224","level":"info","event":"Filling up the DagBag from /opt/airflow/dags/ml_pipeline_dag.py","logger":"airflow.models.dagbag.DagBag"}
{"timestamp":"2025-06-25T00:24:52.633352","level":"info","event":"Filling up the DagBag from /opt/airflow/dags/ml_pipeline_dag.py","logger":"airflow.models.dagbag.DagBag"}
{"timestamp":"2025-06-25T00:25:24.567283","level":"info","event":"Filling up the DagBag from /opt/airflow/dags/ml_pipeline_dag.py","logger":"airflow.models.dagbag.DagBag"}
{"timestamp":"2025-06-25T00:25:58.632095","level":"info","event":"Filling up the DagBag from /opt/airflow/dags/ml_pipeline_dag.py","logger":"airflow.models.dagbag.DagBag"}
{"timestamp":"2025-06-25T00:26:33.113045","level":"info","event":"Filling up the DagBag from /opt/airflow/dags/ml_pipeline_dag.py","logger":"airflow.models.dagbag.DagBag"}
{"timestamp":"2025-06-25T00:27:05.376962","level":"info","event":"Filling up the DagBag from /opt/airflow/dags/ml_pipeline_dag.py","logger":"airflow.models.dagbag.DagBag"}
{"timestamp":"2025-06-25T00:27:37.481015","level":"info","event":"Filling up the DagBag from /opt/airflow/dags/ml_pipeline_dag.py","logger":"airflow.models.dagbag.DagBag"}
{"timestamp":"2025-06-25T00:28:09.542016","level":"info","event":"Filling up the DagBag from /opt/airflow/dags/ml_pipeline_dag.py","logger":"airflow.models.dagbag.DagBag"}
{"timestamp":"2025-06-25T00:28:42.935903","level":"info","event":"Filling up the DagBag from /opt/airflow/dags/ml_pipeline_dag.py","logger":"airflow.models.dagbag.DagBag"}
{"timestamp":"2025-06-25T00:29:15.691091","level":"info","event":"Filling up the DagBag from /opt/airflow/dags/ml_pipeline_dag.py","logger":"airflow.models.dagbag.DagBag"}
{"timestamp":"2025-06-25T00:29:47.539732","level":"info","event":"Filling up the DagBag from /opt/airflow/dags/ml_pipeline_dag.py","logger":"airflow.models.dagbag.DagBag"}
{"timestamp":"2025-06-25T00:30:20.138039","level":"info","event":"Filling up the DagBag from /opt/airflow/dags/ml_pipeline_dag.py","logger":"airflow.models.dagbag.DagBag"}
{"timestamp":"2025-06-25T00:30:52.578956","level":"info","event":"Filling up the DagBag from /opt/airflow/dags/ml_pipeline_dag.py","logger":"airflow.models.dagbag.DagBag"}
{"timestamp":"2025-06-25T01:15:39.173527","level":"info","event":"Filling up the DagBag from /opt/airflow/dags/ml_pipeline_dag.py","logger":"airflow.models.dagbag.DagBag"}
{"timestamp":"2025-06-25T01:16:09.186124","level":"error","event":"Process timed out, PID: 55","logger":"airflow.utils.timeout.TimeoutPosix"}
{"timestamp":"2025-06-25T01:16:09.186591","level":"error","event":"Failed to import: /opt/airflow/dags/ml_pipeline_dag.py","logger":"airflow.models.dagbag.DagBag","error_detail":[{"exc_type":"AirflowTaskTimeout","exc_value":"DagBag import timeout for /opt/airflow/dags/ml_pipeline_dag.py after 30.0s.\nPlease take a look at these docs to improve your DAG import time:\n* https://airflow.apache.org/docs/apache-airflow/3.0.2/best-practices.html#top-level-python-code\n* https://airflow.apache.org/docs/apache-airflow/3.0.2/best-practices.html#reducing-dag-complexity, PID: 55","exc_notes":[],"syntax_error":null,"is_cause":false,"frames":[{"filename":"/home/airflow/.local/lib/python3.12/site-packages/airflow/models/dagbag.py","lineno":394,"name":"parse"},{"filename":"<frozen importlib._bootstrap_external>","lineno":999,"name":"exec_module"},{"filename":"<frozen importlib._bootstrap>","lineno":488,"name":"_call_with_frames_removed"},{"filename":"/opt/airflow/dags/ml_pipeline_dag.py","lineno":14,"name":"<module>"},{"filename":"/opt/airflow/src/train.py","lineno":4,"name":"<module>"},{"filename":"/opt/airflow/src/hyperparam_optimization.py","lineno":8,"name":"<module>"},{"filename":"/home/airflow/.local/lib/python3.12/site-packages/mlflow/__init__.py","lineno":44,"name":"<module>"},{"filename":"/home/airflow/.local/lib/python3.12/site-packages/mlflow/genai/__init__.py","lineno":10,"name":"<module>"},{"filename":"/home/airflow/.local/lib/python3.12/site-packages/mlflow/genai/evaluation/__init__.py","lineno":1,"name":"<module>"},{"filename":"/home/airflow/.local/lib/python3.12/site-packages/mlflow/genai/evaluation/base.py","lineno":9,"name":"<module>"},{"filename":"/home/airflow/.local/lib/python3.12/site-packages/mlflow/genai/evaluation/utils.py","lineno":11,"name":"<module>"},{"filename":"/home/airflow/.local/lib/python3.12/site-packages/mlflow/models/__init__.py","lineno":34,"name":"<module>"},{"filename":"/home/airflow/.local/lib/python3.12/site-packages/mlflow/models/evaluation/__init__.py","lineno":2,"name":"<module>"},{"filename":"/home/airflow/.local/lib/python3.12/site-packages/mlflow/models/evaluation/base.py","lineno":32,"name":"<module>"},{"filename":"/home/airflow/.local/lib/python3.12/site-packages/mlflow/tracking/fluent.py","lineno":87,"name":"<module>"},{"filename":"/home/airflow/.local/lib/python3.12/site-packages/mlflow/tracking/default_experiment/registry.py","lineno":56,"name":"<module>"},{"filename":"/home/airflow/.local/lib/python3.12/site-packages/mlflow/tracking/default_experiment/registry.py","lineno":38,"name":"register_entrypoints"},{"filename":"/home/airflow/.local/lib/python3.12/site-packages/mlflow/utils/plugins.py","lineno":17,"name":"get_entry_points"},{"filename":"/home/airflow/.local/lib/python3.12/site-packages/mlflow/utils/plugins.py","lineno":7,"name":"_get_entry_points"},{"filename":"/usr/local/lib/python3.12/importlib/metadata/__init__.py","lineno":913,"name":"entry_points"},{"filename":"/usr/local/lib/python3.12/importlib/metadata/__init__.py","lineno":911,"name":"<genexpr>"},{"filename":"/usr/local/lib/python3.12/importlib/metadata/_itertools.py","lineno":16,"name":"unique_everseen"},{"filename":"/home/airflow/.local/lib/python3.12/site-packages/importlib_metadata/__init__.py","lineno":960,"name":"_normalized_name"},{"filename":"/home/airflow/.local/lib/python3.12/site-packages/importlib_metadata/_functools.py","lineno":99,"name":"wrapper"},{"filename":"/home/airflow/.local/lib/python3.12/site-packages/airflow/utils/timeout.py","lineno":69,"name":"handle_timeout"}],"is_group":false,"exceptions":[]}]}
{"timestamp":"2025-06-25T01:16:41.425299","level":"info","event":"Filling up the DagBag from /opt/airflow/dags/ml_pipeline_dag.py","logger":"airflow.models.dagbag.DagBag"}
{"timestamp":"2025-06-25T01:20:36.363565","level":"info","event":"Filling up the DagBag from /opt/airflow/dags/ml_pipeline_dag.py","logger":"airflow.models.dagbag.DagBag"}
{"timestamp":"2025-06-25T01:21:28.316195","level":"info","event":"Filling up the DagBag from /opt/airflow/dags/ml_pipeline_dag.py","logger":"airflow.models.dagbag.DagBag"}
{"timestamp":"2025-06-25T01:22:04.341026","level":"info","event":"Filling up the DagBag from /opt/airflow/dags/ml_pipeline_dag.py","logger":"airflow.models.dagbag.DagBag"}
{"timestamp":"2025-06-25T01:22:36.897882","level":"info","event":"Filling up the DagBag from /opt/airflow/dags/ml_pipeline_dag.py","logger":"airflow.models.dagbag.DagBag"}
{"timestamp":"2025-06-25T01:23:09.043928","level":"info","event":"Filling up the DagBag from /opt/airflow/dags/ml_pipeline_dag.py","logger":"airflow.models.dagbag.DagBag"}
{"timestamp":"2025-06-25T01:23:41.242333","level":"info","event":"Filling up the DagBag from /opt/airflow/dags/ml_pipeline_dag.py","logger":"airflow.models.dagbag.DagBag"}
{"timestamp":"2025-06-25T01:24:13.463668","level":"info","event":"Filling up the DagBag from /opt/airflow/dags/ml_pipeline_dag.py","logger":"airflow.models.dagbag.DagBag"}
{"timestamp":"2025-06-25T01:24:46.693279","level":"info","event":"Filling up the DagBag from /opt/airflow/dags/ml_pipeline_dag.py","logger":"airflow.models.dagbag.DagBag"}
{"timestamp":"2025-06-25T01:25:19.773330","level":"info","event":"Filling up the DagBag from /opt/airflow/dags/ml_pipeline_dag.py","logger":"airflow.models.dagbag.DagBag"}
{"timestamp":"2025-06-25T01:25:53.415558","level":"info","event":"Filling up the DagBag from /opt/airflow/dags/ml_pipeline_dag.py","logger":"airflow.models.dagbag.DagBag"}
{"timestamp":"2025-06-25T01:26:25.816915","level":"info","event":"Filling up the DagBag from /opt/airflow/dags/ml_pipeline_dag.py","logger":"airflow.models.dagbag.DagBag"}
{"timestamp":"2025-06-25T01:26:57.588094","level":"info","event":"Filling up the DagBag from /opt/airflow/dags/ml_pipeline_dag.py","logger":"airflow.models.dagbag.DagBag"}
{"timestamp":"2025-06-25T01:27:29.402140","level":"info","event":"Filling up the DagBag from /opt/airflow/dags/ml_pipeline_dag.py","logger":"airflow.models.dagbag.DagBag"}
{"timestamp":"2025-06-25T01:28:01.454561","level":"info","event":"Filling up the DagBag from /opt/airflow/dags/ml_pipeline_dag.py","logger":"airflow.models.dagbag.DagBag"}
{"timestamp":"2025-06-25T01:28:33.662126","level":"info","event":"Filling up the DagBag from /opt/airflow/dags/ml_pipeline_dag.py","logger":"airflow.models.dagbag.DagBag"}
{"timestamp":"2025-06-25T01:29:05.323040","level":"info","event":"Filling up the DagBag from /opt/airflow/dags/ml_pipeline_dag.py","logger":"airflow.models.dagbag.DagBag"}
{"timestamp":"2025-06-25T01:29:37.976965","level":"info","event":"Filling up the DagBag from /opt/airflow/dags/ml_pipeline_dag.py","logger":"airflow.models.dagbag.DagBag"}
{"timestamp":"2025-06-25T01:30:09.658718","level":"info","event":"Filling up the DagBag from /opt/airflow/dags/ml_pipeline_dag.py","logger":"airflow.models.dagbag.DagBag"}
{"timestamp":"2025-06-25T01:30:41.905427","level":"info","event":"Filling up the DagBag from /opt/airflow/dags/ml_pipeline_dag.py","logger":"airflow.models.dagbag.DagBag"}
{"timestamp":"2025-06-25T01:31:14.291379","level":"info","event":"Filling up the DagBag from /opt/airflow/dags/ml_pipeline_dag.py","logger":"airflow.models.dagbag.DagBag"}
{"timestamp":"2025-06-25T01:31:46.140265","level":"info","event":"Filling up the DagBag from /opt/airflow/dags/ml_pipeline_dag.py","logger":"airflow.models.dagbag.DagBag"}
{"timestamp":"2025-06-25T01:32:18.743680","level":"info","event":"Filling up the DagBag from /opt/airflow/dags/ml_pipeline_dag.py","logger":"airflow.models.dagbag.DagBag"}
{"timestamp":"2025-06-25T01:32:50.945169","level":"info","event":"Filling up the DagBag from /opt/airflow/dags/ml_pipeline_dag.py","logger":"airflow.models.dagbag.DagBag"}
{"timestamp":"2025-06-25T01:33:22.819334","level":"info","event":"Filling up the DagBag from /opt/airflow/dags/ml_pipeline_dag.py","logger":"airflow.models.dagbag.DagBag"}
{"timestamp":"2025-06-25T01:33:54.942682","level":"info","event":"Filling up the DagBag from /opt/airflow/dags/ml_pipeline_dag.py","logger":"airflow.models.dagbag.DagBag"}
{"timestamp":"2025-06-25T01:34:27.774719","level":"info","event":"Filling up the DagBag from /opt/airflow/dags/ml_pipeline_dag.py","logger":"airflow.models.dagbag.DagBag"}
{"timestamp":"2025-06-25T01:34:59.769212","level":"info","event":"Filling up the DagBag from /opt/airflow/dags/ml_pipeline_dag.py","logger":"airflow.models.dagbag.DagBag"}
{"timestamp":"2025-06-25T01:35:31.395711","level":"info","event":"Filling up the DagBag from /opt/airflow/dags/ml_pipeline_dag.py","logger":"airflow.models.dagbag.DagBag"}
{"timestamp":"2025-06-25T01:36:03.330202","level":"info","event":"Filling up the DagBag from /opt/airflow/dags/ml_pipeline_dag.py","logger":"airflow.models.dagbag.DagBag"}
{"timestamp":"2025-06-25T01:36:35.661140","level":"info","event":"Filling up the DagBag from /opt/airflow/dags/ml_pipeline_dag.py","logger":"airflow.models.dagbag.DagBag"}
{"timestamp":"2025-06-25T01:37:07.694643","level":"info","event":"Filling up the DagBag from /opt/airflow/dags/ml_pipeline_dag.py","logger":"airflow.models.dagbag.DagBag"}
{"timestamp":"2025-06-25T01:37:39.281262","level":"info","event":"Filling up the DagBag from /opt/airflow/dags/ml_pipeline_dag.py","logger":"airflow.models.dagbag.DagBag"}
{"timestamp":"2025-06-25T01:38:11.540392","level":"info","event":"Filling up the DagBag from /opt/airflow/dags/ml_pipeline_dag.py","logger":"airflow.models.dagbag.DagBag"}
{"timestamp":"2025-06-25T01:38:43.114390","level":"info","event":"Filling up the DagBag from /opt/airflow/dags/ml_pipeline_dag.py","logger":"airflow.models.dagbag.DagBag"}
{"timestamp":"2025-06-25T01:39:14.933462","level":"info","event":"Filling up the DagBag from /opt/airflow/dags/ml_pipeline_dag.py","logger":"airflow.models.dagbag.DagBag"}
{"timestamp":"2025-06-25T01:39:47.033979","level":"info","event":"Filling up the DagBag from /opt/airflow/dags/ml_pipeline_dag.py","logger":"airflow.models.dagbag.DagBag"}
{"timestamp":"2025-06-25T01:40:18.991806","level":"info","event":"Filling up the DagBag from /opt/airflow/dags/ml_pipeline_dag.py","logger":"airflow.models.dagbag.DagBag"}
{"timestamp":"2025-06-25T01:40:51.766335","level":"info","event":"Filling up the DagBag from /opt/airflow/dags/ml_pipeline_dag.py","logger":"airflow.models.dagbag.DagBag"}
{"timestamp":"2025-06-25T01:41:25.133678","level":"info","event":"Filling up the DagBag from /opt/airflow/dags/ml_pipeline_dag.py","logger":"airflow.models.dagbag.DagBag"}
{"timestamp":"2025-06-25T01:41:58.413871","level":"info","event":"Filling up the DagBag from /opt/airflow/dags/ml_pipeline_dag.py","logger":"airflow.models.dagbag.DagBag"}
{"timestamp":"2025-06-25T01:42:30.540785","level":"info","event":"Filling up the DagBag from /opt/airflow/dags/ml_pipeline_dag.py","logger":"airflow.models.dagbag.DagBag"}
{"timestamp":"2025-06-25T01:43:02.935117","level":"info","event":"Filling up the DagBag from /opt/airflow/dags/ml_pipeline_dag.py","logger":"airflow.models.dagbag.DagBag"}
{"timestamp":"2025-06-25T01:43:35.579249","level":"info","event":"Filling up the DagBag from /opt/airflow/dags/ml_pipeline_dag.py","logger":"airflow.models.dagbag.DagBag"}
{"timestamp":"2025-06-25T01:44:07.911226","level":"info","event":"Filling up the DagBag from /opt/airflow/dags/ml_pipeline_dag.py","logger":"airflow.models.dagbag.DagBag"}
{"timestamp":"2025-06-25T01:44:39.534633","level":"info","event":"Filling up the DagBag from /opt/airflow/dags/ml_pipeline_dag.py","logger":"airflow.models.dagbag.DagBag"}
{"timestamp":"2025-06-25T01:45:11.197150","level":"info","event":"Filling up the DagBag from /opt/airflow/dags/ml_pipeline_dag.py","logger":"airflow.models.dagbag.DagBag"}
{"timestamp":"2025-06-25T01:45:43.079331","level":"info","event":"Filling up the DagBag from /opt/airflow/dags/ml_pipeline_dag.py","logger":"airflow.models.dagbag.DagBag"}
{"timestamp":"2025-06-25T01:46:15.093376","level":"info","event":"Filling up the DagBag from /opt/airflow/dags/ml_pipeline_dag.py","logger":"airflow.models.dagbag.DagBag"}
{"timestamp":"2025-06-25T01:46:47.739041","level":"info","event":"Filling up the DagBag from /opt/airflow/dags/ml_pipeline_dag.py","logger":"airflow.models.dagbag.DagBag"}
{"timestamp":"2025-06-25T01:47:20.271650","level":"info","event":"Filling up the DagBag from /opt/airflow/dags/ml_pipeline_dag.py","logger":"airflow.models.dagbag.DagBag"}
{"timestamp":"2025-06-25T01:47:52.497337","level":"info","event":"Filling up the DagBag from /opt/airflow/dags/ml_pipeline_dag.py","logger":"airflow.models.dagbag.DagBag"}
{"timestamp":"2025-06-25T01:48:24.412127","level":"info","event":"Filling up the DagBag from /opt/airflow/dags/ml_pipeline_dag.py","logger":"airflow.models.dagbag.DagBag"}
{"timestamp":"2025-06-25T01:48:56.666995","level":"info","event":"Filling up the DagBag from /opt/airflow/dags/ml_pipeline_dag.py","logger":"airflow.models.dagbag.DagBag"}
{"timestamp":"2025-06-25T01:49:29.175565","level":"info","event":"Filling up the DagBag from /opt/airflow/dags/ml_pipeline_dag.py","logger":"airflow.models.dagbag.DagBag"}
{"timestamp":"2025-06-25T01:50:01.558533","level":"info","event":"Filling up the DagBag from /opt/airflow/dags/ml_pipeline_dag.py","logger":"airflow.models.dagbag.DagBag"}
{"timestamp":"2025-06-25T22:50:47.216942","level":"info","event":"Filling up the DagBag from /opt/airflow/dags/ml_pipeline_dag.py","logger":"airflow.models.dagbag.DagBag"}
{"timestamp":"2025-06-25T22:51:17.241665","level":"error","event":"Process timed out, PID: 55","logger":"airflow.utils.timeout.TimeoutPosix"}
{"timestamp":"2025-06-25T22:51:17.242014","level":"error","event":"Failed to import: /opt/airflow/dags/ml_pipeline_dag.py","logger":"airflow.models.dagbag.DagBag","error_detail":[{"exc_type":"AirflowTaskTimeout","exc_value":"DagBag import timeout for /opt/airflow/dags/ml_pipeline_dag.py after 30.0s.\nPlease take a look at these docs to improve your DAG import time:\n* https://airflow.apache.org/docs/apache-airflow/3.0.2/best-practices.html#top-level-python-code\n* https://airflow.apache.org/docs/apache-airflow/3.0.2/best-practices.html#reducing-dag-complexity, PID: 55","exc_notes":[],"syntax_error":null,"is_cause":false,"frames":[{"filename":"/home/airflow/.local/lib/python3.12/site-packages/airflow/models/dagbag.py","lineno":394,"name":"parse"},{"filename":"<frozen importlib._bootstrap_external>","lineno":999,"name":"exec_module"},{"filename":"<frozen importlib._bootstrap>","lineno":488,"name":"_call_with_frames_removed"},{"filename":"/opt/airflow/dags/ml_pipeline_dag.py","lineno":14,"name":"<module>"},{"filename":"/opt/airflow/src/train.py","lineno":4,"name":"<module>"},{"filename":"/opt/airflow/src/hyperparam_optimization.py","lineno":8,"name":"<module>"},{"filename":"/home/airflow/.local/lib/python3.12/site-packages/mlflow/__init__.py","lineno":44,"name":"<module>"},{"filename":"/home/airflow/.local/lib/python3.12/site-packages/mlflow/artifacts/__init__.py","lineno":11,"name":"<module>"},{"filename":"/home/airflow/.local/lib/python3.12/site-packages/mlflow/entities/__init__.py","lineno":14,"name":"<module>"},{"filename":"/home/airflow/.local/lib/python3.12/site-packages/mlflow/entities/dataset.py","lineno":4,"name":"<module>"},{"filename":"/home/airflow/.local/lib/python3.12/site-packages/mlflow/protos/service_pb2.py","lineno":711,"name":"<module>"},{"filename":"/home/airflow/.local/lib/python3.12/site-packages/google/protobuf/field_mask_pb2.py","lineno":7,"name":"<module>"},{"filename":"<frozen importlib._bootstrap>","lineno":1412,"name":"_handle_fromlist"},{"filename":"/home/airflow/.local/lib/python3.12/site-packages/airflow/utils/timeout.py","lineno":69,"name":"handle_timeout"}],"is_group":false,"exceptions":[]}]}
{"timestamp":"2025-06-25T22:51:47.791430","level":"info","event":"Filling up the DagBag from /opt/airflow/dags/ml_pipeline_dag.py","logger":"airflow.models.dagbag.DagBag"}
{"timestamp":"2025-06-25T22:52:34.235637","level":"info","event":"Filling up the DagBag from /opt/airflow/dags/ml_pipeline_dag.py","logger":"airflow.models.dagbag.DagBag"}
{"timestamp":"2025-06-25T22:53:14.516430","level":"info","event":"Filling up the DagBag from /opt/airflow/dags/ml_pipeline_dag.py","logger":"airflow.models.dagbag.DagBag"}
{"timestamp":"2025-06-25T22:53:54.545807","level":"info","event":"Filling up the DagBag from /opt/airflow/dags/ml_pipeline_dag.py","logger":"airflow.models.dagbag.DagBag"}
{"timestamp":"2025-06-25T22:57:27.019699","level":"info","event":"Filling up the DagBag from /opt/airflow/dags/ml_pipeline_dag.py","logger":"airflow.models.dagbag.DagBag"}
{"timestamp":"2025-06-25T22:58:20.311113","level":"info","event":"Filling up the DagBag from /opt/airflow/dags/ml_pipeline_dag.py","logger":"airflow.models.dagbag.DagBag"}
{"timestamp":"2025-06-25T22:58:55.671204","level":"info","event":"Filling up the DagBag from /opt/airflow/dags/ml_pipeline_dag.py","logger":"airflow.models.dagbag.DagBag"}
{"timestamp":"2025-06-25T22:59:27.869617","level":"info","event":"Filling up the DagBag from /opt/airflow/dags/ml_pipeline_dag.py","logger":"airflow.models.dagbag.DagBag"}
{"timestamp":"2025-06-25T23:00:00.001005","level":"info","event":"Filling up the DagBag from /opt/airflow/dags/ml_pipeline_dag.py","logger":"airflow.models.dagbag.DagBag"}
{"timestamp":"2025-06-25T23:00:31.862395","level":"info","event":"Filling up the DagBag from /opt/airflow/dags/ml_pipeline_dag.py","logger":"airflow.models.dagbag.DagBag"}
{"timestamp":"2025-06-25T23:01:03.697035","level":"info","event":"Filling up the DagBag from /opt/airflow/dags/ml_pipeline_dag.py","logger":"airflow.models.dagbag.DagBag"}
{"timestamp":"2025-06-25T23:01:36.681012","level":"info","event":"Filling up the DagBag from /opt/airflow/dags/ml_pipeline_dag.py","logger":"airflow.models.dagbag.DagBag"}
{"timestamp":"2025-06-25T23:02:10.521112","level":"info","event":"Filling up the DagBag from /opt/airflow/dags/ml_pipeline_dag.py","logger":"airflow.models.dagbag.DagBag"}
{"timestamp":"2025-06-25T23:02:45.957550","level":"info","event":"Filling up the DagBag from /opt/airflow/dags/ml_pipeline_dag.py","logger":"airflow.models.dagbag.DagBag"}
{"timestamp":"2025-06-25T23:03:19.592191","level":"info","event":"Filling up the DagBag from /opt/airflow/dags/ml_pipeline_dag.py","logger":"airflow.models.dagbag.DagBag"}
{"timestamp":"2025-06-25T23:03:51.592232","level":"info","event":"Filling up the DagBag from /opt/airflow/dags/ml_pipeline_dag.py","logger":"airflow.models.dagbag.DagBag"}
{"timestamp":"2025-06-25T23:04:24.117964","level":"info","event":"Filling up the DagBag from /opt/airflow/dags/ml_pipeline_dag.py","logger":"airflow.models.dagbag.DagBag"}
{"timestamp":"2025-06-25T23:04:56.335996","level":"info","event":"Filling up the DagBag from /opt/airflow/dags/ml_pipeline_dag.py","logger":"airflow.models.dagbag.DagBag"}
{"timestamp":"2025-06-25T23:05:28.013621","level":"info","event":"Filling up the DagBag from /opt/airflow/dags/ml_pipeline_dag.py","logger":"airflow.models.dagbag.DagBag"}
{"timestamp":"2025-06-25T23:06:00.409008","level":"info","event":"Filling up the DagBag from /opt/airflow/dags/ml_pipeline_dag.py","logger":"airflow.models.dagbag.DagBag"}
{"timestamp":"2025-06-25T23:06:32.259129","level":"info","event":"Filling up the DagBag from /opt/airflow/dags/ml_pipeline_dag.py","logger":"airflow.models.dagbag.DagBag"}
{"timestamp":"2025-06-25T23:07:04.105680","level":"info","event":"Filling up the DagBag from /opt/airflow/dags/ml_pipeline_dag.py","logger":"airflow.models.dagbag.DagBag"}
{"timestamp":"2025-06-25T23:07:36.795622","level":"info","event":"Filling up the DagBag from /opt/airflow/dags/ml_pipeline_dag.py","logger":"airflow.models.dagbag.DagBag"}
{"timestamp":"2025-06-25T23:08:09.146677","level":"info","event":"Filling up the DagBag from /opt/airflow/dags/ml_pipeline_dag.py","logger":"airflow.models.dagbag.DagBag"}
{"timestamp":"2025-06-25T23:08:41.376920","level":"info","event":"Filling up the DagBag from /opt/airflow/dags/ml_pipeline_dag.py","logger":"airflow.models.dagbag.DagBag"}
{"timestamp":"2025-06-25T23:09:14.320137","level":"info","event":"Filling up the DagBag from /opt/airflow/dags/ml_pipeline_dag.py","logger":"airflow.models.dagbag.DagBag"}
{"timestamp":"2025-06-25T23:09:47.346711","level":"info","event":"Filling up the DagBag from /opt/airflow/dags/ml_pipeline_dag.py","logger":"airflow.models.dagbag.DagBag"}
{"timestamp":"2025-06-25T23:10:19.342651","level":"info","event":"Filling up the DagBag from /opt/airflow/dags/ml_pipeline_dag.py","logger":"airflow.models.dagbag.DagBag"}
{"timestamp":"2025-06-25T23:10:52.580247","level":"info","event":"Filling up the DagBag from /opt/airflow/dags/ml_pipeline_dag.py","logger":"airflow.models.dagbag.DagBag"}
{"timestamp":"2025-06-25T23:11:25.485987","level":"info","event":"Filling up the DagBag from /opt/airflow/dags/ml_pipeline_dag.py","logger":"airflow.models.dagbag.DagBag"}
{"timestamp":"2025-06-25T23:11:58.167827","level":"info","event":"Filling up the DagBag from /opt/airflow/dags/ml_pipeline_dag.py","logger":"airflow.models.dagbag.DagBag"}
{"timestamp":"2025-06-25T23:12:30.563679","level":"info","event":"Filling up the DagBag from /opt/airflow/dags/ml_pipeline_dag.py","logger":"airflow.models.dagbag.DagBag"}
{"timestamp":"2025-06-25T23:13:02.848839","level":"info","event":"Filling up the DagBag from /opt/airflow/dags/ml_pipeline_dag.py","logger":"airflow.models.dagbag.DagBag"}
{"timestamp":"2025-06-25T23:13:35.451749","level":"info","event":"Filling up the DagBag from /opt/airflow/dags/ml_pipeline_dag.py","logger":"airflow.models.dagbag.DagBag"}
{"timestamp":"2025-06-25T23:14:08.019253","level":"info","event":"Filling up the DagBag from /opt/airflow/dags/ml_pipeline_dag.py","logger":"airflow.models.dagbag.DagBag"}
{"timestamp":"2025-06-25T23:14:40.334022","level":"info","event":"Filling up the DagBag from /opt/airflow/dags/ml_pipeline_dag.py","logger":"airflow.models.dagbag.DagBag"}
{"timestamp":"2025-06-25T23:17:49.294364","level":"info","event":"Filling up the DagBag from /opt/airflow/dags/ml_pipeline_dag.py","logger":"airflow.models.dagbag.DagBag"}
{"timestamp":"2025-06-25T23:18:43.197242","level":"info","event":"Filling up the DagBag from /opt/airflow/dags/ml_pipeline_dag.py","logger":"airflow.models.dagbag.DagBag"}
{"timestamp":"2025-06-25T23:19:18.220699","level":"info","event":"Filling up the DagBag from /opt/airflow/dags/ml_pipeline_dag.py","logger":"airflow.models.dagbag.DagBag"}
{"timestamp":"2025-06-25T23:19:59.911260","level":"info","event":"Filling up the DagBag from /opt/airflow/dags/ml_pipeline_dag.py","logger":"airflow.models.dagbag.DagBag"}
{"timestamp":"2025-06-25T23:20:41.087577","level":"info","event":"Filling up the DagBag from /opt/airflow/dags/ml_pipeline_dag.py","logger":"airflow.models.dagbag.DagBag"}
{"timestamp":"2025-06-25T23:21:27.361166","level":"info","event":"Filling up the DagBag from /opt/airflow/dags/ml_pipeline_dag.py","logger":"airflow.models.dagbag.DagBag"}
{"timestamp":"2025-06-25T23:22:02.647951","level":"info","event":"Filling up the DagBag from /opt/airflow/dags/ml_pipeline_dag.py","logger":"airflow.models.dagbag.DagBag"}
{"timestamp":"2025-06-25T23:22:40.346204","level":"info","event":"Filling up the DagBag from /opt/airflow/dags/ml_pipeline_dag.py","logger":"airflow.models.dagbag.DagBag"}
{"timestamp":"2025-06-25T23:23:14.935587","level":"info","event":"Filling up the DagBag from /opt/airflow/dags/ml_pipeline_dag.py","logger":"airflow.models.dagbag.DagBag"}
{"timestamp":"2025-06-25T23:23:52.104263","level":"info","event":"Filling up the DagBag from /opt/airflow/dags/ml_pipeline_dag.py","logger":"airflow.models.dagbag.DagBag"}
{"timestamp":"2025-06-25T23:24:28.549534","level":"info","event":"Filling up the DagBag from /opt/airflow/dags/ml_pipeline_dag.py","logger":"airflow.models.dagbag.DagBag"}
{"timestamp":"2025-06-25T23:25:04.918192","level":"info","event":"Filling up the DagBag from /opt/airflow/dags/ml_pipeline_dag.py","logger":"airflow.models.dagbag.DagBag"}
{"timestamp":"2025-06-25T23:25:37.724792","level":"info","event":"Filling up the DagBag from /opt/airflow/dags/ml_pipeline_dag.py","logger":"airflow.models.dagbag.DagBag"}
{"timestamp":"2025-06-25T23:26:09.587486","level":"info","event":"Filling up the DagBag from /opt/airflow/dags/ml_pipeline_dag.py","logger":"airflow.models.dagbag.DagBag"}
{"timestamp":"2025-06-25T23:26:41.957146","level":"info","event":"Filling up the DagBag from /opt/airflow/dags/ml_pipeline_dag.py","logger":"airflow.models.dagbag.DagBag"}
{"timestamp":"2025-06-25T23:27:13.938696","level":"info","event":"Filling up the DagBag from /opt/airflow/dags/ml_pipeline_dag.py","logger":"airflow.models.dagbag.DagBag"}
{"timestamp":"2025-06-25T23:27:46.853444","level":"info","event":"Filling up the DagBag from /opt/airflow/dags/ml_pipeline_dag.py","logger":"airflow.models.dagbag.DagBag"}
{"timestamp":"2025-06-25T23:28:25.665732","level":"info","event":"Filling up the DagBag from /opt/airflow/dags/ml_pipeline_dag.py","logger":"airflow.models.dagbag.DagBag"}
{"timestamp":"2025-06-25T23:29:00.268879","level":"info","event":"Filling up the DagBag from /opt/airflow/dags/ml_pipeline_dag.py","logger":"airflow.models.dagbag.DagBag"}
{"timestamp":"2025-06-25T23:29:33.923656","level":"info","event":"Filling up the DagBag from /opt/airflow/dags/ml_pipeline_dag.py","logger":"airflow.models.dagbag.DagBag"}
{"timestamp":"2025-06-25T23:30:08.379562","level":"info","event":"Filling up the DagBag from /opt/airflow/dags/ml_pipeline_dag.py","logger":"airflow.models.dagbag.DagBag"}
{"timestamp":"2025-06-25T23:30:42.123018","level":"info","event":"Filling up the DagBag from /opt/airflow/dags/ml_pipeline_dag.py","logger":"airflow.models.dagbag.DagBag"}
{"timestamp":"2025-06-25T23:31:22.755137","level":"info","event":"Filling up the DagBag from /opt/airflow/dags/ml_pipeline_dag.py","logger":"airflow.models.dagbag.DagBag"}
{"timestamp":"2025-06-25T23:31:56.517751","level":"info","event":"Filling up the DagBag from /opt/airflow/dags/ml_pipeline_dag.py","logger":"airflow.models.dagbag.DagBag"}
{"timestamp":"2025-06-25T23:32:32.952701","level":"info","event":"Filling up the DagBag from /opt/airflow/dags/ml_pipeline_dag.py","logger":"airflow.models.dagbag.DagBag"}
{"timestamp":"2025-06-25T23:33:09.443201","level":"info","event":"Filling up the DagBag from /opt/airflow/dags/ml_pipeline_dag.py","logger":"airflow.models.dagbag.DagBag"}
{"timestamp":"2025-06-25T23:33:54.577641","level":"info","event":"Filling up the DagBag from /opt/airflow/dags/ml_pipeline_dag.py","logger":"airflow.models.dagbag.DagBag"}
{"timestamp":"2025-06-25T23:34:34.782306","level":"info","event":"Filling up the DagBag from /opt/airflow/dags/ml_pipeline_dag.py","logger":"airflow.models.dagbag.DagBag"}
{"timestamp":"2025-06-25T23:35:08.948253","level":"info","event":"Filling up the DagBag from /opt/airflow/dags/ml_pipeline_dag.py","logger":"airflow.models.dagbag.DagBag"}
{"timestamp":"2025-06-25T23:35:42.362661","level":"info","event":"Filling up the DagBag from /opt/airflow/dags/ml_pipeline_dag.py","logger":"airflow.models.dagbag.DagBag"}
{"timestamp":"2025-06-25T23:36:18.008842","level":"info","event":"Filling up the DagBag from /opt/airflow/dags/ml_pipeline_dag.py","logger":"airflow.models.dagbag.DagBag"}
{"timestamp":"2025-06-25T23:36:51.244558","level":"info","event":"Filling up the DagBag from /opt/airflow/dags/ml_pipeline_dag.py","logger":"airflow.models.dagbag.DagBag"}
{"timestamp":"2025-06-25T23:37:23.200106","level":"info","event":"Filling up the DagBag from /opt/airflow/dags/ml_pipeline_dag.py","logger":"airflow.models.dagbag.DagBag"}
{"timestamp":"2025-06-25T23:37:54.872266","level":"info","event":"Filling up the DagBag from /opt/airflow/dags/ml_pipeline_dag.py","logger":"airflow.models.dagbag.DagBag"}
{"timestamp":"2025-06-25T23:38:26.550689","level":"info","event":"Filling up the DagBag from /opt/airflow/dags/ml_pipeline_dag.py","logger":"airflow.models.dagbag.DagBag"}
{"timestamp":"2025-06-25T23:38:58.587567","level":"info","event":"Filling up the DagBag from /opt/airflow/dags/ml_pipeline_dag.py","logger":"airflow.models.dagbag.DagBag"}
{"timestamp":"2025-06-25T23:39:32.133215","level":"info","event":"Filling up the DagBag from /opt/airflow/dags/ml_pipeline_dag.py","logger":"airflow.models.dagbag.DagBag"}
{"timestamp":"2025-06-25T23:40:27.928505","level":"info","event":"Filling up the DagBag from /opt/airflow/dags/ml_pipeline_dag.py","logger":"airflow.models.dagbag.DagBag"}
{"timestamp":"2025-06-25T23:41:02.432512","level":"info","event":"Filling up the DagBag from /opt/airflow/dags/ml_pipeline_dag.py","logger":"airflow.models.dagbag.DagBag"}
{"timestamp":"2025-06-25T23:41:35.300237","level":"info","event":"Filling up the DagBag from /opt/airflow/dags/ml_pipeline_dag.py","logger":"airflow.models.dagbag.DagBag"}
{"timestamp":"2025-06-25T23:44:24.451750","level":"info","event":"Filling up the DagBag from /opt/airflow/dags/ml_pipeline_dag.py","logger":"airflow.models.dagbag.DagBag"}
{"timestamp":"2025-06-25T23:45:12.128139","level":"info","event":"Filling up the DagBag from /opt/airflow/dags/ml_pipeline_dag.py","logger":"airflow.models.dagbag.DagBag"}
{"timestamp":"2025-06-25T23:45:46.516558","level":"info","event":"Filling up the DagBag from /opt/airflow/dags/ml_pipeline_dag.py","logger":"airflow.models.dagbag.DagBag"}
{"timestamp":"2025-06-25T23:46:20.940527","level":"info","event":"Filling up the DagBag from /opt/airflow/dags/ml_pipeline_dag.py","logger":"airflow.models.dagbag.DagBag"}
{"timestamp":"2025-06-25T23:47:01.851927","level":"info","event":"Filling up the DagBag from /opt/airflow/dags/ml_pipeline_dag.py","logger":"airflow.models.dagbag.DagBag"}
{"timestamp":"2025-06-25T23:47:34.817624","level":"info","event":"Filling up the DagBag from /opt/airflow/dags/ml_pipeline_dag.py","logger":"airflow.models.dagbag.DagBag"}
{"timestamp":"2025-06-25T23:48:07.905314","level":"info","event":"Filling up the DagBag from /opt/airflow/dags/ml_pipeline_dag.py","logger":"airflow.models.dagbag.DagBag"}
{"timestamp":"2025-06-25T23:51:01.345668","level":"info","event":"Filling up the DagBag from /opt/airflow/dags/ml_pipeline_dag.py","logger":"airflow.models.dagbag.DagBag"}
{"timestamp":"2025-06-25T23:51:58.565704","level":"info","event":"Filling up the DagBag from /opt/airflow/dags/ml_pipeline_dag.py","logger":"airflow.models.dagbag.DagBag"}
{"timestamp":"2025-06-25T23:52:33.472006","level":"info","event":"Filling up the DagBag from /opt/airflow/dags/ml_pipeline_dag.py","logger":"airflow.models.dagbag.DagBag"}
{"timestamp":"2025-06-25T23:53:13.508032","level":"info","event":"Filling up the DagBag from /opt/airflow/dags/ml_pipeline_dag.py","logger":"airflow.models.dagbag.DagBag"}
{"timestamp":"2025-06-25T23:53:52.163043","level":"info","event":"Filling up the DagBag from /opt/airflow/dags/ml_pipeline_dag.py","logger":"airflow.models.dagbag.DagBag"}
{"timestamp":"2025-06-25T23:54:36.947555","level":"info","event":"Filling up the DagBag from /opt/airflow/dags/ml_pipeline_dag.py","logger":"airflow.models.dagbag.DagBag"}
{"timestamp":"2025-06-25T23:55:11.951216","level":"info","event":"Filling up the DagBag from /opt/airflow/dags/ml_pipeline_dag.py","logger":"airflow.models.dagbag.DagBag"}
{"timestamp":"2025-06-25T23:55:47.702233","level":"info","event":"Filling up the DagBag from /opt/airflow/dags/ml_pipeline_dag.py","logger":"airflow.models.dagbag.DagBag"}
{"timestamp":"2025-06-25T23:56:22.843544","level":"info","event":"Filling up the DagBag from /opt/airflow/dags/ml_pipeline_dag.py","logger":"airflow.models.dagbag.DagBag"}
{"timestamp":"2025-06-25T23:56:56.581458","level":"info","event":"Filling up the DagBag from /opt/airflow/dags/ml_pipeline_dag.py","logger":"airflow.models.dagbag.DagBag"}
{"timestamp":"2025-06-25T23:57:29.478215","level":"info","event":"Filling up the DagBag from /opt/airflow/dags/ml_pipeline_dag.py","logger":"airflow.models.dagbag.DagBag"}
{"timestamp":"2025-06-25T23:58:03.356799","level":"info","event":"Filling up the DagBag from /opt/airflow/dags/ml_pipeline_dag.py","logger":"airflow.models.dagbag.DagBag"}
{"timestamp":"2025-06-25T23:58:39.858219","level":"info","event":"Filling up the DagBag from /opt/airflow/dags/ml_pipeline_dag.py","logger":"airflow.models.dagbag.DagBag"}
{"timestamp":"2025-06-25T23:59:15.413611","level":"info","event":"Filling up the DagBag from /opt/airflow/dags/ml_pipeline_dag.py","logger":"airflow.models.dagbag.DagBag"}
{"timestamp":"2025-06-25T23:59:48.994606","level":"info","event":"Filling up the DagBag from /opt/airflow/dags/ml_pipeline_dag.py","logger":"airflow.models.dagbag.DagBag"}
